// Jest Snapshot v1, https://goo.gl/fbAQLP

exports[`<HomeScreen /> Checklist renders correctly 1`] = `
<RNCSafeAreaView
  edges={
    {
      "bottom": "additive",
      "left": "additive",
      "right": "additive",
      "top": "additive",
    }
  }
>
  <Text />
</RNCSafeAreaView>
`;
