// Jest Snapshot v1, https://goo.gl/fbAQLP

exports[`<AddButton /> AddButton renders correctly 1`] = `
<View
  accessibilityState={
    {
      "busy": undefined,
      "checked": undefined,
      "disabled": undefined,
      "expanded": undefined,
      "selected": undefined,
    }
  }
  accessibilityValue={
    {
      "max": undefined,
      "min": undefined,
      "now": undefined,
      "text": undefined,
    }
  }
  accessible={true}
  collapsable={false}
  focusable={true}
  onBlur={[Function]}
  onClick={[Function]}
  onFocus={[Function]}
  onResponderGrant={[Function]}
  onResponderMove={[Function]}
  onResponderRelease={[Function]}
  onResponderTerminate={[Function]}
  onResponderTerminationRequest={[Function]}
  onStartShouldSetResponder={[Function]}
  style={
    {
      "alignItems": "center",
      "borderColor": "black",
      "borderRadius": 5,
      "borderWidth": 1,
      "bottom": 20,
      "height": 50,
      "justifyContent": "center",
      "position": "absolute",
      "right": 20,
      "width": 50,
    }
  }
>
  <Text
    style={
      {
        "height": "100%",
        "textAlign": "center",
        "textAlignVertical": "center",
        "width": "100%",
      }
    }
  >
    +
  </Text>
</View>
`;
