// Jest Snapshot v1, https://goo.gl/fbAQLP

exports[`<ChecklistItem /> ChecklistItem renders correctly 1`] = `
<View
  style={
    {
      "flexDirection": "row",
      "justifyContent": "space-between",
      "width": "80%",
    }
  }
>
  <View
    accessibilityRole="checkbox"
    accessibilityState={
      {
        "busy": undefined,
        "checked": false,
        "disabled": undefined,
        "expanded": undefined,
        "selected": undefined,
      }
    }
    accessibilityValue={
      {
        "max": undefined,
        "min": undefined,
        "now": undefined,
        "text": undefined,
      }
    }
    accessible={true}
    collapsable={false}
    focusable={true}
    onBlur={[Function]}
    onClick={[Function]}
    onFocus={[Function]}
    onResponderGrant={[Function]}
    onResponderMove={[Function]}
    onResponderRelease={[Function]}
    onResponderTerminate={[Function]}
    onResponderTerminationRequest={[Function]}
    onStartShouldSetResponder={[Function]}
    style={
      [
        {
          "borderColor": "#657786",
          "borderRadius": 2,
          "borderWidth": 2,
          "height": 20,
          "width": 20,
        },
        undefined,
        false,
        false,
        undefined,
        false,
      ]
    }
  />
  <Text
    style={{}}
  >
    title
  </Text>
  <Text />
</View>
`;
