// Jest Snapshot v1, https://goo.gl/fbAQLP

exports[`<ChecklistItem /> ListEntryInput renders correctly 1`] = `
<View
  style={
    {
      "alignItems": "center",
      "flexDirection": "row",
    }
  }
>
  <TextInput
    defaultValue="Entry Title"
  />
</View>
`;
