// Jest Snapshot v1, https://goo.gl/fbAQLP

exports[`<TitleInput /> TitleInput renders correctly 1`] = `
<View
  style={
    {
      "flexDirection": "row",
    }
  }
>
  <Text
    style={
      {
        "padding": 10,
        "textAlign": "center",
        "textAlignVertical": "center",
        "width": "20%",
      }
    }
  >
    Title:
  </Text>
  <TextInput
    maxLength={16}
    onChangeText={[Function]}
    style={
      {
        "borderColor": "black",
        "borderRadius": 10,
        "borderWidth": 1,
        "width": "60%",
      }
    }
    value="title"
  />
</View>
`;
